DataJek > 
DataJek > /DataJek/startHadoop.sh
ls: cannot access '/flag': No such file or directory

 * Starting OpenBSD Secure Shell server sshd
   ...done.
WARNING: /opt/hadoop/logs does not exist. Creating.
2025-06-20 07:39:18,724 INFO namenode.NameNode: STARTUP_MSG: 
/************************************************************
STARTUP_MSG: Starting NameNode
STARTUP_MSG:   host = educative/172.17.0.2
STARTUP_MSG:   args = [-format]
STARTUP_MSG:   version = 3.2.1
STARTUP_MSG:   classpath = /opt/hadoop/etc/hadoop/:/opt/hadoop/share/hadoop/common/lib/jackson-core-2.9.8.jar:/opt/hadoop/share/hadoop/common/lib/curator-recipes-2.13.0.jar:/opt/hadoop/share/hadoop/common/lib/snappy-java-1.0.5.jar:/opt/hadoop/share/hadoop/common/lib/hadoop-annotations-3.2.1.jar:/opt/hadoop/share/hadoop/common/lib/jsr311-api-1.1.1.jar:/opt/hadoop/share/hadoop/common/lib/kerby-util-1.0.1.jar:/opt/hadoop/share/hadoop/common/lib/kerb-client-1.0.1.jar:/opt/hadoop/share/hadoop/common/lib/commons-codec-1.11.jar:/opt/hadoop/share/hadoop/common/lib/commons-net-3.6.jar:/opt/hadoop/share/hadoop/common/lib/slf4j-log4j12-1.7.25.jar:/opt/hadoop/share/hadoop/common/lib/log4j-1.2.17.jar:/opt/hadoop/share/hadoop/common/lib/kerb-identity-1.0.1.jar:/opt/hadoop/share/hadoop/common/lib/j2objc-annotations-1.1.jar:/opt/hadoop/share/hadoop/common/lib/commons-lang3-3.7.jar:/opt/hadoop/share/hadoop/common/lib/htrace-core4-4.1.0-incubating.jar:/opt/hadoop/share/hadoop/common/lib/metrics-core-3.2.4.jar:/opt/hadoop/share/hadoop/common/lib/woodstox-core-5.0.3.jar:/opt/hadoop/share/hadoop/common/lib/jetty-io-9.3.24.v20180605.jar:/opt/hadoop/share/hadoop/common/lib/netty-3.10.5.Final.jar:/opt/hadoop/share/hadoop/common/lib/kerb-crypto-1.0.1.jar:/opt/hadoop/share/hadoop/common/lib/jackson-annotations-2.9.8.jar:/opt/hadoop/share/hadoop/common/lib/jsch-0.1.54.jar:/opt/hadoop/share/hadoop/common/lib/commons-beanutils-1.9.3.jar:/opt/hadoop/share/hadoop/common/lib/kerby-pkix-1.0.1.jar:/opt/hadoop/share/hadoop/common/lib/hadoop-auth-3.2.1.jar:/opt/hadoop/share/hadoop/common/lib/slf4j-api-1.7.25.jar:/opt/hadoop/share/hadoop/common/lib/avro-1.7.7.jar:/opt/hadoop/share/hadoop/common/lib/httpclient-4.5.6.jar:/opt/hadoop/share/hadoop/common/lib/paranamer-2.3.jar:/opt/hadoop/share/hadoop/common/lib/commons-cli-1.2.jar:/opt/hadoop/share/hadoop/common/lib/httpcore-4.4.10.jar:/opt/hadoop/share/hadoop/common/lib/jetty-servlet-9.3.24.v20180605.jar:/opt/hadoop/share/hadoop/common/lib/accessors-smart-1.2.jar:/opt/hadoop/share/hadoop/common/lib/protobuf-java-2.5.0.jar:/opt/hadoop/share/hadoop/common/lib/commons-math3-3.1.1.jar:/opt/hadoop/share/hadoop/common/lib/jackson-jaxrs-1.9.13.jar:/opt/hadoop/share/hadoop/common/lib/jersey-servlet-1.19.jar:/opt/hadoop/share/hadoop/common/lib/jsr305-3.0.0.jar:/opt/hadoop/share/hadoop/common/lib/error_prone_annotations-2.2.0.jar:/opt/hadoop/share/hadoop/common/lib/checker-qual-2.5.2.jar:/opt/hadoop/share/hadoop/common/lib/re2j-1.1.jar:/opt/hadoop/share/hadoop/common/lib/commons-compress-1.18.jar:/opt/hadoop/share/hadoop/common/lib/jackson-mapper-asl-1.9.13.jar:/opt/hadoop/share/hadoop/common/lib/kerb-common-1.0.1.jar:/opt/hadoop/share/hadoop/common/lib/nimbus-jose-jwt-4.41.1.jar:/opt/hadoop/share/hadoop/common/lib/kerby-asn1-1.0.1.jar:/opt/hadoop/share/hadoop/common/lib/kerb-core-1.0.1.jar:/opt/hadoop/share/hadoop/common/lib/asm-5.0.4.jar:/opt/hadoop/share/hadoop/common/lib/zookeeper-3.4.13.jar:/opt/hadoop/share/hadoop/common/lib/kerby-xdr-1.0.1.jar:/opt/hadoop/share/hadoop/common/lib/jsp-api-2.1.jar:/opt/hadoop/share/hadoop/common/lib/commons-text-1.4.jar:/opt/hadoop/share/hadoop/common/lib/kerb-server-1.0.1.jar:/opt/hadoop/share/hadoop/common/lib/jersey-core-1.19.jar:/opt/hadoop/share/hadoop/common/lib/jackson-databind-2.9.8.jar:/opt/hadoop/share/hadoop/common/lib/kerby-config-1.0.1.jar:/opt/hadoop/share/hadoop/common/lib/kerb-simplekdc-1.0.1.jar:/opt/hadoop/share/hadoop/common/lib/jetty-security-9.3.24.v20180605.jar:/opt/hadoop/share/hadoop/common/lib/jetty-http-9.3.24.v20180605.jar:/opt/hadoop/share/hadoop/common/lib/jersey-json-1.19.jar:/opt/hadoop/share/hadoop/common/lib/guava-27.0-jre.jar:/opt/hadoop/share/hadoop/common/lib/jaxb-api-2.2.11.jar:/opt/hadoop/share/hadoop/common/lib/gson-2.2.4.jar:/opt/hadoop/share/hadoop/common/lib/listenablefuture-9999.0-empty-to-avoid-conflict-with-guava.jar:/opt/hadoop/share/hadoop/common/lib/jersey-server-1.19.jar:/opt/hadoop/share/hadoop/common/lib/jetty-xml-9.3.24.v20180605.jar:/opt/hadoop/share/hadoop/common/lib/jetty-webapp-9.3.24.v20180605.jar:/opt/hadoop/share/hadoop/common/lib/failureaccess-1.0.jar:/opt/hadoop/share/hadoop/common/lib/dnsjava-2.1.7.jar:/opt/hadoop/share/hadoop/common/lib/jetty-util-9.3.24.v20180605.jar:/opt/hadoop/share/hadoop/common/lib/commons-logging-1.1.3.jar:/opt/hadoop/share/hadoop/common/lib/jcip-annotations-1.0-1.jar:/opt/hadoop/share/hadoop/common/lib/curator-framework-2.13.0.jar:/opt/hadoop/share/hadoop/common/lib/animal-sniffer-annotations-1.17.jar:/opt/hadoop/share/hadoop/common/lib/kerb-admin-1.0.1.jar:/opt/hadoop/share/hadoop/common/lib/token-provider-1.0.1.jar:/opt/hadoop/share/hadoop/common/lib/stax2-api-3.1.4.jar:/opt/hadoop/share/hadoop/common/lib/commons-configuration2-2.1.1.jar:/opt/hadoop/share/hadoop/common/lib/json-smart-2.3.jar:/opt/hadoop/share/hadoop/common/lib/commons-io-2.5.jar:/opt/hadoop/share/hadoop/common/lib/commons-collections-3.2.2.jar:/opt/hadoop/share/hadoop/common/lib/audience-annotations-0.5.0.jar:/opt/hadoop/share/hadoop/common/lib/jul-to-slf4j-1.7.25.jar:/opt/hadoop/share/hadoop/common/lib/jaxb-impl-2.2.3-1.jar:/opt/hadoop/share/hadoop/common/lib/kerb-util-1.0.1.jar:/opt/hadoop/share/hadoop/common/lib/jackson-xc-1.9.13.jar:/opt/hadoop/share/hadoop/common/lib/jackson-core-asl-1.9.13.jar:/opt/hadoop/share/hadoop/common/lib/curator-client-2.13.0.jar:/opt/hadoop/share/hadoop/common/lib/jettison-1.1.jar:/opt/hadoop/share/hadoop/common/lib/jetty-server-9.3.24.v20180605.jar:/opt/hadoop/share/hadoop/common/lib/javax.servlet-api-3.1.0.jar:/opt/hadoop/share/hadoop/common/hadoop-common-3.2.1.jar:/opt/hadoop/share/hadoop/common/hadoop-common-3.2.1-tests.jar:/opt/hadoop/share/hadoop/common/hadoop-kms-3.2.1.jar:/opt/hadoop/share/hadoop/common/hadoop-nfs-3.2.1.jar:/opt/hadoop/share/hadoop/hdfs:/opt/hadoop/share/hadoop/hdfs/lib/jackson-core-2.9.8.jar:/opt/hadoop/share/hadoop/hdfs/lib/curator-recipes-2.13.0.jar:/opt/hadoop/share/hadoop/hdfs/lib/snappy-java-1.0.5.jar:/opt/hadoop/share/hadoop/hdfs/lib/hadoop-annotations-3.2.1.jar:/opt/hadoop/share/hadoop/hdfs/lib/jsr311-api-1.1.1.jar:/opt/hadoop/share/hadoop/hdfs/lib/kerby-util-1.0.1.jar:/opt/hadoop/share/hadoop/hdfs/lib/kerb-client-1.0.1.jar:/opt/hadoop/share/hadoop/hdfs/lib/commons-codec-1.11.jar:/opt/hadoop/share/hadoop/hdfs/lib/commons-net-3.6.jar:/opt/hadoop/share/hadoop/hdfs/lib/log4j-1.2.17.jar:/opt/hadoop/share/hadoop/hdfs/lib/kerb-identity-1.0.1.jar:/opt/hadoop/share/hadoop/hdfs/lib/netty-all-4.0.52.Final.jar:/opt/hadoop/share/hadoop/hdfs/lib/j2objc-annotations-1.1.jar:/opt/hadoop/share/hadoop/hdfs/lib/commons-lang3-3.7.jar:/opt/hadoop/share/hadoop/hdfs/lib/htrace-core4-4.1.0-incubating.jar:/opt/hadoop/share/hadoop/hdfs/lib/okhttp-2.7.5.jar:/opt/hadoop/share/hadoop/hdfs/lib/woodstox-core-5.0.3.jar:/opt/hadoop/share/hadoop/hdfs/lib/jetty-io-9.3.24.v20180605.jar:/opt/hadoop/share/hadoop/hdfs/lib/netty-3.10.5.Final.jar:/opt/hadoop/share/hadoop/hdfs/lib/kerb-crypto-1.0.1.jar:/opt/hadoop/share/hadoop/hdfs/lib/jackson-annotations-2.9.8.jar:/opt/hadoop/share/hadoop/hdfs/lib/jsch-0.1.54.jar:/opt/hadoop/share/hadoop/hdfs/lib/commons-beanutils-1.9.3.jar:/opt/hadoop/share/hadoop/hdfs/lib/kerby-pkix-1.0.1.jar:/opt/hadoop/share/hadoop/hdfs/lib/hadoop-auth-3.2.1.jar:/opt/hadoop/share/hadoop/hdfs/lib/avro-1.7.7.jar:/opt/hadoop/share/hadoop/hdfs/lib/httpclient-4.5.6.jar:/opt/hadoop/share/hadoop/hdfs/lib/paranamer-2.3.jar:/opt/hadoop/share/hadoop/hdfs/lib/commons-cli-1.2.jar:/opt/hadoop/share/hadoop/hdfs/lib/httpcore-4.4.10.jar:/opt/hadoop/share/hadoop/hdfs/lib/jetty-servlet-9.3.24.v20180605.jar:/opt/hadoop/share/hadoop/hdfs/lib/accessors-smart-1.2.jar:/opt/hadoop/share/hadoop/hdfs/lib/protobuf-java-2.5.0.jar:/opt/hadoop/share/hadoop/hdfs/lib/okio-1.6.0.jar:/opt/hadoop/share/hadoop/hdfs/lib/commons-math3-3.1.1.jar:/opt/hadoop/share/hadoop/hdfs/lib/jackson-jaxrs-1.9.13.jar:/opt/hadoop/share/hadoop/hdfs/lib/jersey-servlet-1.19.jar:/opt/hadoop/share/hadoop/hdfs/lib/commons-daemon-1.0.13.jar:/opt/hadoop/share/hadoop/hdfs/lib/jsr305-3.0.0.jar:/opt/hadoop/share/hadoop/hdfs/lib/error_prone_annotations-2.2.0.jar:/opt/hadoop/share/hadoop/hdfs/lib/checker-qual-2.5.2.jar:/opt/hadoop/share/hadoop/hdfs/lib/re2j-1.1.jar:/opt/hadoop/share/hadoop/hdfs/lib/commons-compress-1.18.jar:/opt/hadoop/share/hadoop/hdfs/lib/jackson-mapper-asl-1.9.13.jar:/opt/hadoop/share/hadoop/hdfs/lib/kerb-common-1.0.1.jar:/opt/hadoop/share/hadoop/hdfs/lib/nimbus-jose-jwt-4.41.1.jar:/opt/hadoop/share/hadoop/hdfs/lib/kerby-asn1-1.0.1.jar:/opt/hadoop/share/hadoop/hdfs/lib/kerb-core-1.0.1.jar:/opt/hadoop/share/hadoop/hdfs/lib/asm-5.0.4.jar:/opt/hadoop/share/hadoop/hdfs/lib/zookeeper-3.4.13.jar:/opt/hadoop/share/hadoop/hdfs/lib/kerby-xdr-1.0.1.jar:/opt/hadoop/share/hadoop/hdfs/lib/commons-text-1.4.jar:/opt/hadoop/share/hadoop/hdfs/lib/kerb-server-1.0.1.jar:/opt/hadoop/share/hadoop/hdfs/lib/jersey-core-1.19.jar:/opt/hadoop/share/hadoop/hdfs/lib/jackson-databind-2.9.8.jar:/opt/hadoop/share/hadoop/hdfs/lib/kerby-config-1.0.1.jar:/opt/hadoop/share/hadoop/hdfs/lib/kerb-simplekdc-1.0.1.jar:/opt/hadoop/share/hadoop/hdfs/lib/jetty-security-9.3.24.v20180605.jar:/opt/hadoop/share/hadoop/hdfs/lib/jetty-http-9.3.24.v20180605.jar:/opt/hadoop/share/hadoop/hdfs/lib/jersey-json-1.19.jar:/opt/hadoop/share/hadoop/hdfs/lib/leveldbjni-all-1.8.jar:/opt/hadoop/share/hadoop/hdfs/lib/guava-27.0-jre.jar:/opt/hadoop/share/hadoop/hdfs/lib/jaxb-api-2.2.11.jar:/opt/hadoop/share/hadoop/hdfs/lib/gson-2.2.4.jar:/opt/hadoop/share/hadoop/hdfs/lib/listenablefuture-9999.0-empty-to-avoid-conflict-with-guava.jar:/opt/hadoop/share/hadoop/hdfs/lib/jersey-server-1.19.jar:/opt/hadoop/share/hadoop/hdfs/lib/jetty-xml-9.3.24.v20180605.jar:/opt/hadoop/share/hadoop/hdfs/lib/json-simple-1.1.1.jar:/opt/hadoop/share/hadoop/hdfs/lib/jetty-webapp-9.3.24.v20180605.jar:/opt/hadoop/share/hadoop/hdfs/lib/failureaccess-1.0.jar:/opt/hadoop/share/hadoop/hdfs/lib/dnsjava-2.1.7.jar:/opt/hadoop/share/hadoop/hdfs/lib/jetty-util-9.3.24.v20180605.jar:/opt/hadoop/share/hadoop/hdfs/lib/commons-logging-1.1.3.jar:/opt/hadoop/share/hadoop/hdfs/lib/jcip-annotations-1.0-1.jar:/opt/hadoop/share/hadoop/hdfs/lib/jetty-util-ajax-9.3.24.v20180605.jar:/opt/hadoop/share/hadoop/hdfs/lib/curator-framework-2.13.0.jar:/opt/hadoop/share/hadoop/hdfs/lib/animal-sniffer-annotations-1.17.jar:/opt/hadoop/share/hadoop/hdfs/lib/kerb-admin-1.0.1.jar:/opt/hadoop/share/hadoop/hdfs/lib/token-provider-1.0.1.jar:/opt/hadoop/share/hadoop/hdfs/lib/stax2-api-3.1.4.jar:/opt/hadoop/share/hadoop/hdfs/lib/commons-configuration2-2.1.1.jar:/opt/hadoop/share/hadoop/hdfs/lib/json-smart-2.3.jar:/opt/hadoop/share/hadoop/hdfs/lib/commons-io-2.5.jar:/opt/hadoop/share/hadoop/hdfs/lib/commons-collections-3.2.2.jar:/opt/hadoop/share/hadoop/hdfs/lib/audience-annotations-0.5.0.jar:/opt/hadoop/share/hadoop/hdfs/lib/jaxb-impl-2.2.3-1.jar:/opt/hadoop/share/hadoop/hdfs/lib/kerb-util-1.0.1.jar:/opt/hadoop/share/hadoop/hdfs/lib/jackson-xc-1.9.13.jar:/opt/hadoop/share/hadoop/hdfs/lib/jackson-core-asl-1.9.13.jar:/opt/hadoop/share/hadoop/hdfs/lib/curator-client-2.13.0.jar:/opt/hadoop/share/hadoop/hdfs/lib/jettison-1.1.jar:/opt/hadoop/share/hadoop/hdfs/lib/jetty-server-9.3.24.v20180605.jar:/opt/hadoop/share/hadoop/hdfs/lib/javax.servlet-api-3.1.0.jar:/opt/hadoop/share/hadoop/hdfs/hadoop-hdfs-httpfs-3.2.1.jar:/opt/hadoop/share/hadoop/hdfs/hadoop-hdfs-3.2.1-tests.jar:/opt/hadoop/share/hadoop/hdfs/hadoop-hdfs-native-client-3.2.1.jar:/opt/hadoop/share/hadoop/hdfs/hadoop-hdfs-nfs-3.2.1.jar:/opt/hadoop/share/hadoop/hdfs/hadoop-hdfs-3.2.1.jar:/opt/hadoop/share/hadoop/hdfs/hadoop-hdfs-rbf-3.2.1.jar:/opt/hadoop/share/hadoop/hdfs/hadoop-hdfs-client-3.2.1-tests.jar:/opt/hadoop/share/hadoop/hdfs/hadoop-hdfs-client-3.2.1.jar:/opt/hadoop/share/hadoop/hdfs/hadoop-hdfs-native-client-3.2.1-tests.jar:/opt/hadoop/share/hadoop/hdfs/hadoop-hdfs-rbf-3.2.1-tests.jar:/opt/hadoop/share/hadoop/mapreduce/lib/junit-4.11.jar:/opt/hadoop/share/hadoop/mapreduce/lib/hamcrest-core-1.3.jar:/opt/hadoop/share/hadoop/mapreduce/hadoop-mapreduce-client-core-3.2.1.jar:/opt/hadoop/share/hadoop/mapreduce/hadoop-mapreduce-client-jobclient-3.2.1.jar:/opt/hadoop/share/hadoop/mapreduce/hadoop-mapreduce-client-shuffle-3.2.1.jar:/opt/hadoop/share/hadoop/mapreduce/hadoop-mapreduce-client-app-3.2.1.jar:/opt/hadoop/share/hadoop/mapreduce/hadoop-mapreduce-client-nativetask-3.2.1.jar:/opt/hadoop/share/hadoop/mapreduce/hadoop-mapreduce-client-hs-3.2.1.jar:/opt/hadoop/share/hadoop/mapreduce/hadoop-mapreduce-client-hs-plugins-3.2.1.jar:/opt/hadoop/share/hadoop/mapreduce/hadoop-mapreduce-client-common-3.2.1.jar:/opt/hadoop/share/hadoop/mapreduce/hadoop-mapreduce-client-jobclient-3.2.1-tests.jar:/opt/hadoop/share/hadoop/mapreduce/hadoop-mapreduce-client-uploader-3.2.1.jar:/opt/hadoop/share/hadoop/mapreduce/hadoop-mapreduce-examples-3.2.1.jar:/opt/hadoop/share/hadoop/yarn:/opt/hadoop/share/hadoop/yarn/lib/swagger-annotations-1.5.4.jar:/opt/hadoop/share/hadoop/yarn/lib/aopalliance-1.0.jar:/opt/hadoop/share/hadoop/yarn/lib/metrics-core-3.2.4.jar:/opt/hadoop/share/hadoop/yarn/lib/bcprov-jdk15on-1.60.jar:/opt/hadoop/share/hadoop/yarn/lib/jackson-jaxrs-base-2.9.8.jar:/opt/hadoop/share/hadoop/yarn/lib/snakeyaml-1.16.jar:/opt/hadoop/share/hadoop/yarn/lib/java-util-1.9.0.jar:/opt/hadoop/share/hadoop/yarn/lib/guice-servlet-4.0.jar:/opt/hadoop/share/hadoop/yarn/lib/guice-4.0.jar:/opt/hadoop/share/hadoop/yarn/lib/bcpkix-jdk15on-1.60.jar:/opt/hadoop/share/hadoop/yarn/lib/json-io-2.5.1.jar:/opt/hadoop/share/hadoop/yarn/lib/fst-2.50.jar:/opt/hadoop/share/hadoop/yarn/lib/HikariCP-java7-2.4.12.jar:/opt/hadoop/share/hadoop/yarn/lib/jersey-client-1.19.jar:/opt/hadoop/share/hadoop/yarn/lib/geronimo-jcache_1.0_spec-1.0-alpha-1.jar:/opt/hadoop/share/hadoop/yarn/lib/ehcache-3.3.1.jar:/opt/hadoop/share/hadoop/yarn/lib/javax.inject-1.jar:/opt/hadoop/share/hadoop/yarn/lib/objenesis-1.0.jar:/opt/hadoop/share/hadoop/yarn/lib/jackson-module-jaxb-annotations-2.9.8.jar:/opt/hadoop/share/hadoop/yarn/lib/jackson-jaxrs-json-provider-2.9.8.jar:/opt/hadoop/share/hadoop/yarn/lib/mssql-jdbc-6.2.1.jre7.jar:/opt/hadoop/share/hadoop/yarn/lib/jersey-guice-1.19.jar:/opt/hadoop/share/hadoop/yarn/hadoop-yarn-server-resourcemanager-3.2.1.jar:/opt/hadoop/share/hadoop/yarn/hadoop-yarn-server-common-3.2.1.jar:/opt/hadoop/share/hadoop/yarn/hadoop-yarn-submarine-3.2.1.jar:/opt/hadoop/share/hadoop/yarn/hadoop-yarn-server-router-3.2.1.jar:/opt/hadoop/share/hadoop/yarn/hadoop-yarn-common-3.2.1.jar:/opt/hadoop/share/hadoop/yarn/hadoop-yarn-applications-unmanaged-am-launcher-3.2.1.jar:/opt/hadoop/share/hadoop/yarn/hadoop-yarn-services-api-3.2.1.jar:/opt/hadoop/share/hadoop/yarn/hadoop-yarn-applications-distributedshell-3.2.1.jar:/opt/hadoop/share/hadoop/yarn/hadoop-yarn-client-3.2.1.jar:/opt/hadoop/share/hadoop/yarn/hadoop-yarn-server-tests-3.2.1.jar:/opt/hadoop/share/hadoop/yarn/hadoop-yarn-services-core-3.2.1.jar:/opt/hadoop/share/hadoop/yarn/hadoop-yarn-server-timeline-pluginstorage-3.2.1.jar:/opt/hadoop/share/hadoop/yarn/hadoop-yarn-api-3.2.1.jar:/opt/hadoop/share/hadoop/yarn/hadoop-yarn-server-sharedcachemanager-3.2.1.jar:/opt/hadoop/share/hadoop/yarn/hadoop-yarn-server-applicationhistoryservice-3.2.1.jar:/opt/hadoop/share/hadoop/yarn/hadoop-yarn-registry-3.2.1.jar:/opt/hadoop/share/hadoop/yarn/hadoop-yarn-server-nodemanager-3.2.1.jar:/opt/hadoop/share/hadoop/yarn/hadoop-yarn-server-web-proxy-3.2.1.jar
STARTUP_MSG:   build = https://gitbox.apache.org/repos/asf/hadoop.git -r b3cbbb467e22ea829b3808f4b7b01d07e0bf3842; compiled by 'rohithsharmaks' on 2019-09-10T15:56Z
STARTUP_MSG:   java = 1.8.0_265
************************************************************/
2025-06-20 07:39:18,752 INFO namenode.NameNode: registered UNIX signal handlers for [TERM, HUP, INT]
2025-06-20 07:39:18,966 INFO namenode.NameNode: createNameNode [-format]
Formatting using clusterid: CID-071e5a27-3352-4af8-8cce-d67707d45993
2025-06-20 07:39:20,126 INFO namenode.FSEditLog: Edit logging is async:true
2025-06-20 07:39:20,158 INFO namenode.FSNamesystem: KeyProvider: null
2025-06-20 07:39:20,160 INFO namenode.FSNamesystem: fsLock is fair: true
2025-06-20 07:39:20,164 INFO namenode.FSNamesystem: Detailed lock hold time metrics enabled: false
2025-06-20 07:39:20,181 INFO namenode.FSNamesystem: fsOwner             = root (auth:SIMPLE)
2025-06-20 07:39:20,181 INFO namenode.FSNamesystem: supergroup          = supergroup
2025-06-20 07:39:20,181 INFO namenode.FSNamesystem: isPermissionEnabled = true
2025-06-20 07:39:20,181 INFO namenode.FSNamesystem: HA Enabled: false
2025-06-20 07:39:20,278 INFO common.Util: dfs.datanode.fileio.profiling.sampling.percentage set to 0. Disabling file IO profiling
2025-06-20 07:39:20,296 INFO blockmanagement.DatanodeManager: dfs.block.invalidate.limit: configured=1000, counted=60, effected=1000
2025-06-20 07:39:20,297 INFO blockmanagement.DatanodeManager: dfs.namenode.datanode.registration.ip-hostname-check=true
2025-06-20 07:39:20,307 INFO blockmanagement.BlockManager: dfs.namenode.startup.delay.block.deletion.sec is set to 000:00:00:00.000
2025-06-20 07:39:20,308 INFO blockmanagement.BlockManager: The block deletion will start around 2025 Jun 20 07:39:20
2025-06-20 07:39:20,310 INFO util.GSet: Computing capacity for map BlocksMap
2025-06-20 07:39:20,310 INFO util.GSet: VM type       = 64-bit
2025-06-20 07:39:20,313 INFO util.GSet: 2.0% max memory 883.6 MB = 17.7 MB
2025-06-20 07:39:20,314 INFO util.GSet: capacity      = 2^21 = 2097152 entries
2025-06-20 07:39:20,327 INFO blockmanagement.BlockManager: Storage policy satisfier is disabled
2025-06-20 07:39:20,329 INFO blockmanagement.BlockManager: dfs.block.access.token.enable = false
2025-06-20 07:39:20,339 INFO Configuration.deprecation: No unit for dfs.namenode.safemode.extension(30000) assuming MILLISECONDS
2025-06-20 07:39:20,340 INFO blockmanagement.BlockManagerSafeMode: dfs.namenode.safemode.threshold-pct = 0.9990000128746033
2025-06-20 07:39:20,340 INFO blockmanagement.BlockManagerSafeMode: dfs.namenode.safemode.min.datanodes = 0
2025-06-20 07:39:20,340 INFO blockmanagement.BlockManagerSafeMode: dfs.namenode.safemode.extension = 30000
2025-06-20 07:39:20,341 INFO blockmanagement.BlockManager: defaultReplication         = 1
2025-06-20 07:39:20,341 INFO blockmanagement.BlockManager: maxReplication             = 512
2025-06-20 07:39:20,341 INFO blockmanagement.BlockManager: minReplication             = 1
2025-06-20 07:39:20,341 INFO blockmanagement.BlockManager: maxReplicationStreams      = 2
2025-06-20 07:39:20,342 INFO blockmanagement.BlockManager: redundancyRecheckInterval  = 3000ms
2025-06-20 07:39:20,342 INFO blockmanagement.BlockManager: encryptDataTransfer        = false
2025-06-20 07:39:20,342 INFO blockmanagement.BlockManager: maxNumBlocksToLog          = 1000
2025-06-20 07:39:20,416 INFO namenode.FSDirectory: GLOBAL serial map: bits=29 maxEntries=536870911
2025-06-20 07:39:20,417 INFO namenode.FSDirectory: USER serial map: bits=24 maxEntries=16777215
2025-06-20 07:39:20,417 INFO namenode.FSDirectory: GROUP serial map: bits=24 maxEntries=16777215
2025-06-20 07:39:20,417 INFO namenode.FSDirectory: XATTR serial map: bits=24 maxEntries=16777215
2025-06-20 07:39:20,434 INFO util.GSet: Computing capacity for map INodeMap
2025-06-20 07:39:20,434 INFO util.GSet: VM type       = 64-bit
2025-06-20 07:39:20,440 INFO util.GSet: 1.0% max memory 883.6 MB = 8.8 MB
2025-06-20 07:39:20,440 INFO util.GSet: capacity      = 2^20 = 1048576 entries
2025-06-20 07:39:20,441 INFO namenode.FSDirectory: ACLs enabled? false
2025-06-20 07:39:20,441 INFO namenode.FSDirectory: POSIX ACL inheritance enabled? true
2025-06-20 07:39:20,441 INFO namenode.FSDirectory: XAttrs enabled? true
2025-06-20 07:39:20,441 INFO namenode.NameNode: Caching file names occurring more than 10 times
2025-06-20 07:39:20,447 INFO snapshot.SnapshotManager: Loaded config captureOpenFiles: false, skipCaptureAccessTimeOnlyChange: false, snapshotDiffAllowSnapRootDescendant: true, maxSnapshotLimit: 65536
2025-06-20 07:39:20,452 INFO snapshot.SnapshotManager: SkipList is disabled
2025-06-20 07:39:20,457 INFO util.GSet: Computing capacity for map cachedBlocks
2025-06-20 07:39:20,458 INFO util.GSet: VM type       = 64-bit
2025-06-20 07:39:20,458 INFO util.GSet: 0.25% max memory 883.6 MB = 2.2 MB
2025-06-20 07:39:20,459 INFO util.GSet: capacity      = 2^18 = 262144 entries
2025-06-20 07:39:20,472 INFO metrics.TopMetrics: NNTop conf: dfs.namenode.top.window.num.buckets = 10
2025-06-20 07:39:20,473 INFO metrics.TopMetrics: NNTop conf: dfs.namenode.top.num.users = 10
2025-06-20 07:39:20,473 INFO metrics.TopMetrics: NNTop conf: dfs.namenode.top.windows.minutes = 1,5,25
2025-06-20 07:39:20,482 INFO namenode.FSNamesystem: Retry cache on namenode is enabled
2025-06-20 07:39:20,483 INFO namenode.FSNamesystem: Retry cache will use 0.03 of total heap and retry cache entry expiry time is 600000 millis
2025-06-20 07:39:20,488 INFO util.GSet: Computing capacity for map NameNodeRetryCache
2025-06-20 07:39:20,489 INFO util.GSet: VM type       = 64-bit
2025-06-20 07:39:20,489 INFO util.GSet: 0.029999999329447746% max memory 883.6 MB = 271.4 KB
2025-06-20 07:39:20,489 INFO util.GSet: capacity      = 2^15 = 32768 entries
2025-06-20 07:39:20,542 INFO namenode.FSImage: Allocated new BlockPoolId: BP-269168526-172.17.0.2-1750405160520
2025-06-20 07:39:20,563 INFO common.Storage: Storage directory /usr/local/tmp/dfs/name has been successfully formatted.
2025-06-20 07:39:20,638 INFO namenode.FSImageFormatProtobuf: Saving image file /usr/local/tmp/dfs/name/current/fsimage.ckpt_0000000000000000000 using no compression
2025-06-20 07:39:20,846 INFO namenode.FSImageFormatProtobuf: Image file /usr/local/tmp/dfs/name/current/fsimage.ckpt_0000000000000000000 of size 399 bytes saved in 0 seconds .
2025-06-20 07:39:20,879 INFO namenode.NNStorageRetentionManager: Going to retain 1 images with txid >= 0
2025-06-20 07:39:20,892 INFO namenode.FSImage: FSImageSaver clean checkpoint: txid=0 when meet shutdown.
2025-06-20 07:39:20,893 INFO namenode.NameNode: SHUTDOWN_MSG: 
/************************************************************
SHUTDOWN_MSG: Shutting down NameNode at educative/172.17.0.2
************************************************************/
Starting namenodes on [localhost]
localhost: Warning: Permanently added 'localhost' (ECDSA) to the list of known hosts.
Starting datanodes
Starting secondary namenodes [educative]
educative: Warning: Permanently added 'educative,172.17.0.2' (ECDSA) to the list of known hosts.
Starting resourcemanager
Starting nodemanagers
WARNING: Use of this script to start the MR JobHistory daemon is deprecated.
WARNING: Attempting to execute replacement "mapred --daemon start" instead.
DataJek > jps
288 NameNode
613 SecondaryNameNode
1159 JobHistoryServer
1000 NodeManager
1452 Jps
413 DataNode
879 ResourceManager
DataJek > hdfs dfs -copyFromLocal /DataJek/cars.data /
2025-06-20 07:40:26,259 INFO sasl.SaslDataTransferClient: SASL encryption trust check: localHostTrusted = false, remoteHostTrusted = false
DataJek > hdfs dfs -ls /
Found 2 items
-rw-r--r--   1 root supergroup     463052 2025-06-20 07:40 /cars.data
drwxrwx---   - root supergroup          0 2025-06-20 07:39 /tmp
DataJek > hadoop jar JarDependencies/MapReduceJarDependencies/MapReduce-1.0-SNAPSHOT.jar io.datajek.mapreduce.Driver /cars.data /MyJobResult

2025-06-20 07:40:58,478 INFO client.RMProxy: Connecting to ResourceManager at /0.0.0.0:8032
2025-06-20 07:40:59,177 WARN mapreduce.JobResourceUploader: Hadoop command-line option parsing not performed. Implement the Tool interface and execute your application with ToolRunner to remedy this.
2025-06-20 07:40:59,196 INFO mapreduce.JobResourceUploader: Disabling Erasure Coding for path: /tmp/hadoop-yarn/staging/root/.staging/job_1750405194250_0001
2025-06-20 07:40:59,415 INFO sasl.SaslDataTransferClient: SASL encryption trust check: localHostTrusted = false, remoteHostTrusted = false
2025-06-20 07:40:59,612 INFO input.FileInputFormat: Total input files to process : 1
2025-06-20 07:40:59,704 INFO sasl.SaslDataTransferClient: SASL encryption trust check: localHostTrusted = false, remoteHostTrusted = false
2025-06-20 07:40:59,748 INFO sasl.SaslDataTransferClient: SASL encryption trust check: localHostTrusted = false, remoteHostTrusted = false
2025-06-20 07:40:59,769 INFO mapreduce.JobSubmitter: number of splits:1
2025-06-20 07:41:00,098 INFO sasl.SaslDataTransferClient: SASL encryption trust check: localHostTrusted = false, remoteHostTrusted = false
2025-06-20 07:41:00,164 INFO mapreduce.JobSubmitter: Submitting tokens for job: job_1750405194250_0001
2025-06-20 07:41:00,167 INFO mapreduce.JobSubmitter: Executing with tokens: []
2025-06-20 07:41:00,554 INFO conf.Configuration: resource-types.xml not found
2025-06-20 07:41:00,560 INFO resource.ResourceUtils: Unable to find 'resource-types.xml'.
2025-06-20 07:41:01,006 INFO impl.YarnClientImpl: Submitted application application_1750405194250_0001
2025-06-20 07:41:01,189 INFO mapreduce.Job: The url to track the job: http://educative:8088/proxy/application_1750405194250_0001/
2025-06-20 07:41:01,190 INFO mapreduce.Job: Running job: job_1750405194250_0001
2025-06-20 07:41:14,583 INFO mapreduce.Job: Job job_1750405194250_0001 running in uber mode : false
2025-06-20 07:41:14,585 INFO mapreduce.Job:  map 0% reduce 0%
2025-06-20 07:41:22,738 INFO mapreduce.Job:  map 100% reduce 0%
2025-06-20 07:41:29,806 INFO mapreduce.Job:  map 100% reduce 100%
2025-06-20 07:41:29,830 INFO mapreduce.Job: Job job_1750405194250_0001 completed successfully
2025-06-20 07:41:29,992 INFO mapreduce.Job: Counters: 54
        File System Counters
                FILE: Number of bytes read=815704
                FILE: Number of bytes written=2083623
                FILE: Number of read operations=0
                FILE: Number of large read operations=0
                FILE: Number of write operations=0
                HDFS: Number of bytes read=463148
                HDFS: Number of bytes written=200
                HDFS: Number of read operations=8
                HDFS: Number of large read operations=0
                HDFS: Number of write operations=2
                HDFS: Number of bytes read erasure-coded=0
        Job Counters 
                Launched map tasks=1
                Launched reduce tasks=1
                Data-local map tasks=1
                Total time spent by all maps in occupied slots (ms)=5155
                Total time spent by all reduces in occupied slots (ms)=4709
                Total time spent by all map tasks (ms)=5155
                Total time spent by all reduce tasks (ms)=4709
                Total vcore-milliseconds taken by all map tasks=5155
                Total vcore-milliseconds taken by all reduce tasks=4709
                Total megabyte-milliseconds taken by all map tasks=5278720
                Total megabyte-milliseconds taken by all reduce tasks=4822016
        Map-Reduce Framework
                Map input records=10000
                Map output records=60441
                Map output bytes=694816
                Map output materialized bytes=815704
                Input split bytes=96
                Combine input records=0
                Combine output records=0
                Reduce input groups=16
                Reduce shuffle bytes=815704
                Reduce input records=60441
                Reduce output records=16
                Spilled Records=120882
                Shuffled Maps =1
                Failed Shuffles=0
                Merged Map outputs=1
                GC time elapsed (ms)=154
                CPU time spent (ms)=1810
                Physical memory (bytes) snapshot=346529792
                Virtual memory (bytes) snapshot=5071433728
                Total committed heap usage (bytes)=222564352
                Peak Map Physical memory (bytes)=225120256
                Peak Map Virtual memory (bytes)=2531368960
                Peak Reduce Physical memory (bytes)=121409536
                Peak Reduce Virtual memory (bytes)=2540064768
        Shuffle Errors
                BAD_ID=0
                CONNECTION=0
                IO_ERROR=0
                WRONG_LENGTH=0
                WRONG_MAP=0
                WRONG_REDUCE=0
        File Input Format Counters 
                Bytes Read=463052
        File Output Format Counters 
                Bytes Written=200
DataJek > 
DataJek > hdfs dfs -ls /MyJobResult
Found 2 items
-rw-r--r--   1 root supergroup          0 2025-06-20 07:41 /MyJobResult/_SUCCESS
-rw-r--r--   1 root supergroup        200 2025-06-20 07:41 /MyJobResult/part-r-00000
DataJek > ^C
DataJek > hdfs dfs -ls /MyJobResult
Found 2 items
-rw-r--r--   1 root supergroup          0 2025-06-20 07:41 /MyJobResult/_SUCCESS
-rw-r--r--   1 root supergroup        200 2025-06-20 07:41 /MyJobResult/part-r-00000
DataJek > hdfs dfs -text /MyJobResult/part-r-00000
2025-06-20 07:48:27,282 INFO sasl.SaslDataTransferClient: SASL encryption trust check: localHostTrusted = false, remoteHostTrusted = false
acura   3669
aston-martin    3777
audi    3832
bmw     3825
cadillac        3752
chrysler        3717
ferrari 3944
ford    3823
gm      3779
honda   3813
jaguar  3808
lexus   3640
mercedes-benz   3820
rolls-royce     3696
tesla   3776
toyota  3770
DataJek > 